Successfully paused profiling.
ncu --set basic  --metrics smsp__cycles_active.avg.pct_of_peak_sustained_elapsed,dram__throughput.avg.pct_of_peak_sustained_elapsed,gpu__time_duration.avg --replay-mode kernel  --launch-count 1 ./sobel_gpu  
==PROF== Connected to process 517708 (/pscratch/sd/t/tshiknn/cp5/build/sobel_cpu_omp_offload)
==PROF== Profiling "nvkernel__Z18do_sobel_filteri..." - 0 (1/1): 0%....50%....100% - 12 passes
 Read data from the file data/zebra-gray-int8-4x 
 Elapsed time is : 3.54073 
 Wrote the output file data/processed-raw-int8-4x-offload.dat 
==PROF== Disconnected from process 517708
[517708] sobel_cpu_omp_offload@127.0.0.1
  nvkernel__Z18do_sobel_filteringPfS_ii_F1L101_2 (108, 1, 1)x(640, 1, 1), Context 1, Stream 13, Device 0, CC 8.0
    Section: Command line profiler metrics
    ----------------------------------------------------- ----------- ------------
    Metric Name                                           Metric Unit Metric Value
    ----------------------------------------------------- ----------- ------------
    dram__throughput.avg.pct_of_peak_sustained_elapsed              %         0.26
    gpu__time_duration.avg                                    msecond        76.06
    smsp__cycles_active.avg.pct_of_peak_sustained_elapsed           %        99.41
    ----------------------------------------------------- ----------- ------------

    Section: GPU Speed Of Light Throughput
    ----------------------- ------------- -------------
    Metric Name               Metric Unit  Metric Value
    ----------------------- ------------- -------------
    DRAM Frequency          cycle/nsecond          1.21
    SM Frequency            cycle/nsecond          1.09
    Elapsed Cycles                  cycle    83,283,971
    Memory Throughput                   %         61.60
    DRAM Throughput                     %          0.26
    Duration                      msecond         76.06
    L1/TEX Cache Throughput             %         61.92
    L2 Cache Throughput                 %         19.56
    SM Active Cycles                cycle 82,533,450.55
    Compute (SM) Throughput             %         51.88
    ----------------------- ------------- -------------

    INF   Compute and Memory are well-balanced: To reduce runtime, both computation and memory traffic must be reduced. 
          Check both the Compute Workload Analysis and Memory Workload Analysis sections.                               

    Section: Launch Statistics
    -------------------------------- --------------- ---------------
    Metric Name                          Metric Unit    Metric Value
    -------------------------------- --------------- ---------------
    Block Size                                                   640
    Function Cache Configuration                     CachePreferNone
    Grid Size                                                    108
    Registers Per Thread             register/thread              92
    Shared Memory Configuration Size           Kbyte           16.38
    Driver Shared Memory Per Block       Kbyte/block            1.02
    Dynamic Shared Memory Per Block      Kbyte/block            8.84
    Static Shared Memory Per Block        byte/block               0
    # SMs                                         SM             108
    Threads                                   thread          69,120
    Uses Green Context                                             0
    Waves Per SM                                                   1
    -------------------------------- --------------- ---------------

    OPT   If you execute __syncthreads() to synchronize the threads of a block, it is recommended to have more than the 
          achieved 1 blocks per multiprocessor. This way, blocks that aren't waiting for __syncthreads() can keep the   
          hardware busy.                                                                                                

    Section: Occupancy
    ------------------------------- ----------- ------------
    Metric Name                     Metric Unit Metric Value
    ------------------------------- ----------- ------------
    Block Limit SM                        block           32
    Block Limit Registers                 block            1
    Block Limit Shared Mem                block            1
    Block Limit Warps                     block            3
    Theoretical Active Warps per SM        warp           20
    Theoretical Occupancy                     %        31.25
    Achieved Occupancy                        %        31.23
    Achieved Active Warps Per SM           warp        19.99
    ------------------------------- ----------- ------------

    OPT   Est. Local Speedup: 68.75%                                                                                    
          The 5.00 theoretical warps per scheduler this kernel can issue according to its occupancy are below the       
          hardware maximum of 16. This kernel's theoretical occupancy (31.2%) is limited by the number of required      
          registers. This kernel's theoretical occupancy (31.2%) is limited by the required amount of shared memory.    

    Section: GPU and Memory Workload Distribution
    -------------------------- ----------- --------------
    Metric Name                Metric Unit   Metric Value
    -------------------------- ----------- --------------
    Average DRAM Active Cycles       cycle        242,734
    Total DRAM Elapsed Cycles        cycle  3,696,440,576
    Average L1 Active Cycles         cycle  82,533,450.55
    Total L1 Elapsed Cycles          cycle  8,958,768,114
    Average L2 Active Cycles         cycle  77,699,960.88
    Total L2 Elapsed Cycles          cycle  6,388,766,880
    Average SM Active Cycles         cycle  82,533,450.55
    Total SM Elapsed Cycles          cycle  8,958,768,114
    Average SMSP Active Cycles       cycle  82,459,549.39
    Total SMSP Elapsed Cycles        cycle 35,835,072,456
    -------------------------- ----------- --------------

